// Jest Snapshot v1, https://goo.gl/fbAQLP

exports[`should match with snapshot 1`] = `
<View
  style={
    Array [
      Object {
        "alignSelf": "center",
        "borderBottomWidth": 0.8,
        "borderColor": "#BBC3CF",
        "height": 50,
        "marginVertical": 20,
        "width": "85%",
      },
    ]
  }
>
  <TextInput
    allowFontScaling={true}
    rejectResponderTermination={true}
    style={
      Array [
        Object {
          "flexBasis": 0,
          "flexGrow": 1,
          "flexShrink": 1,
          "paddingBottom": 5,
          "paddingLeft": 5,
          "paddingRight": 5,
          "paddingTop": 5,
        },
      ]
    }
    underlineColorAndroid="transparent"
  />
</View>
`;
